thread 'main' panicked at crates/lib/src/rules/structure/ST08.rs:25:46:
called `Option::unwrap()` on a `None` value
note: run with `RUST_BACKTRACE=1` environment variable to display a backtrace
